"","x"
"29-B1",0.976689370462434
"30-B1",0.949602965954853
"31-B2",0.944287626326736
"32-B3",0.961196927799933
"33-B1",0.993355613698717
"34-B1",0.995994322473938
"35-B2",0.967692529090087
"36-B3",0.952278792671202
"37-B1",0.945350183020527
"38-B2",0.932762555896884
"39-B3",0.930000545014162
"40-B1",0.981464717830963
"41-B2",0.945276321097216
"42-B3",0.967396508025908
"44-B2",0.991542618472624
"45-B3",0.97471218828849
"46-B1",0.987814021084685
"47-B2",0.994748386446147
"48-B3",0.954937489292577
"49-B1",0.957308551329374
"50-B2",0.962573786134358
"52-B1",0.979397695151119
"53-B2",0.976195517809724
"54-B3",0.993788392998333
